// Jest Snapshot v1, https://goo.gl/fbAQLP

exports[`<Modal /> Rendered component with html as child 1`] = `"<div class=\\"d-modal active\\"><div class=\\"d-modal__dialog\\"><button class=\\"d-modal__close d-button secondary icon-primary\\" aria-label=\\"Menu\\"><i class=\\"d-button-icon\\"><svg viewBox=\\"0 0 24 24\\" fill=\\"currentColor\\"><path d=\\"M6.225 4.811a1 1 0 00-1.414 1.414L10.586 12 4.81 17.775a1 1 0 101.414 1.414L12 13.414l5.775 5.775a1 1 0 001.414-1.414L13.414 12l5.775-5.775a1 1 0 00-1.414-1.414L12 10.586 6.225 4.81z\\" fill=\\"currentColor\\"></path></svg></i></button><div class=\\"d-modal__body\\"><h4 class=\\"d-modal__title\\"></h4><div class=\\"d-modal__content\\"><div><div style=\\"font-size:32px\\">About For Good Causes</div><p>Choose to do something truly amazing with your BP points and donate them to a charity of your choice. Via For Good Causes, you can donate to a charity that close to your heart and help make a difference today! Over 17,000 charities are available from global causes to small local charities, in the heart of your community. With charities covering every cause, including the environment, medical research, children and the young, animals and conservation, mental health and many more, there is something for everyone. Because we all care about different things. Once you have logged in, select the amount of points you want to exchange Click proceed and confirm your redemption. We will send you an email with your For Good Causes charity token To donate go to https://my.forgoodcauses.org/ BP Terms n Conditions apply, see https://www.bpmerewards.co.uk/terms-and-conditions for full details. For Good Causes Terms n Conditions apply, see https://www.forgoodcauses.org/terms-and-conditions/ for full details. For Good Causes deducts a small commission from each donation to cover the cost of the distribution to over 17,000 charities.</p></div></div><section class=\\"d-modal__buttonGroup layout-grid\\" style=\\"--grid-template:auto auto;--grid-template-mobile:1fr;--grid-gap:var(--spacing-gap);--grid-align:center\\"></section></div></div></div>"`;
